[serpexnessie.itch.io/scale-the-depths.html]
[img.itch.zone/aW1nLzE3NDE5MDI1LnBuZw==/32x32#/iMah4J.png]
[backblue.gif]
[fade.gif]
[index.html]
[static.itch.io/game0818.css]
[static.itch.io/lib.min0818.js]
[static.itch.io/bundle.min0818.js]
[static.itch.io/lib/jquery.maskMoney.js]
[static.itch.io/game.min0818.js]
[serpexnessie.itch.io/_https_/html-classic.itch.zone/html/11252461/index2a72.html]
[serpexnessie.itch.io/index.html]
[serpexnessie.itch.io/scale-the-depths/comments54cf.html]
[serpexnessie.itch.io/scale-the-depths/comments2054.html]
[serpexnessie.itch.io/static/images/frog.png]
[img.itch.zone/aW1nLzIwMzg2OTYxLnBuZw==/25x25#/R3GZ1X.png]
[serpexnessie.itch.io/static/images/frog-gold.png]
[serpexnessie.itch.io/static/images/frog-cyan.png]
[img.itch.zone/aW1nLzIxMDcwMzUyLnBuZw==/25x25#/8/YV6o.png]
[serpexnessie.itch.io/_/www.youtube.com/embed/KjV152czBaY_]
[i.ytimg.com/vi/KjV152czBaY/hqdefault.jpg]
[img.itch.zone/aW1nLzEyNzEzMzMwLnBuZw==/25x25#/rqcWw/.png]
[img.itch.zone/aW1nLzIwNTU5Mjg2LnBuZw==/25x25#/ee/Ddu.png]
[serpexnessie.itch.io/static/images/frog-blue.png]
[img.itch.zone/aW1nLzE4NTAzMzI4LmpwZWc=/25x25#/SHAaCb.jpg]
[serpexnessie.itch.io/static/images/frog-red.png]
[img.itch.zone/aW1nLzE5MTQ4MDI3LnBuZw==/25x25#/Tv15dS.png]
[img.itch.zone/aW1nLzE2NDI4NDg5LnBuZw==/25x25#/jDSoak.png]
[img.itch.zone/aW1nLzE0NjU4MTk1LmpwZw==/25x25#/CUAy6j.jpg]
[img.itch.zone/aW1nLzIwNzQ0NzAyLmpwZw==/25x25#/hj6OOK.jpg]
[img.itch.zone/aW1nLzIwNTA4NjYyLmpwZw==/25x25#/kr6+8W.jpg]
[img.itch.zone/aW1nLzIwODgzNTY4LnBuZw==/25x25#/n00t1M.png]
[img.itch.zone/aW1nLzE1ODY0MjQ1LnBuZw==/25x25#/vKLAV8.png]
[img.itch.zone/aW1nLzExMDc5OTI1LmpwZw==/25x25#/JRY1gF.jpg]
[img.itch.zone/aW1hZ2UvMjkxMjExMi8xNzQxOTIyNS5wbmc=/original/nbXGhG.png]
[img.itch.zone/aW1hZ2UvMjkxMjExMi8xNzQxOTIyNS5wbmc=/347x500/J28RHH.png]
[img.itch.zone/aW1hZ2UvMjkxMjExMi8xNzQxOTIyOC5wbmc=/original/UTjGpj.png]
[img.itch.zone/aW1hZ2UvMjkxMjExMi8xNzQxOTIyOC5wbmc=/347x500/xclLPR.png]
[img.itch.zone/aW1hZ2UvMjkxMjExMi8xNzQxOTIyOS5wbmc=/original/1xIzWT.png]
[img.itch.zone/aW1hZ2UvMjkxMjExMi8xNzQxOTIyOS5wbmc=/347x500/udCE3Q.png]
[serpexnessie.itch.io/scale-the-depths.html]
[static.itch.io/fonts/lato-v14-latin-regular.woff2]
[static.itch.io/fonts/lato-v14-latin-regular.woff]
[static.itch.io/fonts/lato-v14-latin-italic.woff2]
[static.itch.io/fonts/lato-v14-latin-italic.woff]
[static.itch.io/fonts/lato-v14-latin-700.woff2]
[static.itch.io/fonts/lato-v14-latin-700.woff]
[static.itch.io/fonts/lato-v14-latin-900.woff2]
[static.itch.io/fonts/lato-v14-latin-900.woff]
[static.itch.io/fonts/Lato-Regular.woff2]
[static.itch.io/fonts/Lato-Regular.woff]
[static.itch.io/fonts/Lato-Italic.woff2]
[static.itch.io/fonts/Lato-Italic.woff]
[static.itch.io/fonts/Lato-Bold.woff2]
[static.itch.io/fonts/Lato-Bold.woff]
[static.itch.io/fonts/Lato-Black.woff2]
[static.itch.io/fonts/Lato-Black.woff]
[static.itch.io/images/loader.gif]
[static.itch.io/images/loader-dark.gif]
[static.itch.io/images/loader-huge.gif]
[static.itch.io/images/cc-loader.gif]
[static.itch.io/images/play_icon.svg]
[static.itch.io/images/youtube_icon.svg]
[static.itch.io/images/twitch_logo.svg]
[static.itch.io/images/loading.svg]
[static.itch.io/fonts/04b03.eot]
[static.itch.io/fonts/04b03d41d.eot]
[static.itch.io/fonts/04b03.woff2]
[static.itch.io/fonts/04b03.woff]
[static.itch.io/fonts/04b03.ttf]
[static.itch.io/lib/farbtastic/wheel.png]
[static.itch.io/lib/farbtastic/mask.png]
[static.itch.io/lib/farbtastic/marker.png]
[static.itch.io/images/snowrepeat.svg]
[static.itch.io/icons/fonts/icomoon053c.eot]
[static.itch.io/icons/fonts/icomoon053c.ttf]
[static.itch.io/icons/fonts/icomoon053c.woff]
[static.itch.io/game0818.css]
[static.itch.io/lib.min0818.js]
[static.itch.io/icons/fonts/icomoon053c.svg]
[serpexnessie.itch.io/static/worker.min.js]
[www.google.com/recaptcha/apie757.js]
[connect.facebook.net/en_GB/sdk.js]
[platform.twitter.com/widgets.js]
[serpexnessie.itch.io/ca.gif]
[serpexnessie.itch.io/POST]
[static.itch.io/bundle.min0818.js]
[static.itch.io/lib/jquery.maskMoney.js]
[pagead2.googlesyndication.com/pagead/js/f.txt]
[static.itch.io/game.min0818.js]
[img.itch.zone/aW1nLzE3NDE5MDI1LnBuZw==/508x254#mb/tpbld2.png]
[static.itch.io/user0818.css]
[challenges.cloudflare.com/turnstile/v0/b/701fd2559006/api.js]
[static.itch.io/user.min0818.js]
[img.itch.zone/aW1nLzE3NDE5MDI1LnBuZw==/315x250#c/LWtRAd.png]
[serpexnessie.itch.io/this-time-the-monsters-save-the-princess.html]
[img.itch.zone/aW1nLzEyNzEzNzEyLnBuZw==/315x250#c/yc98DW.png]
[serpexnessie.itch.io/index.html]
[serpexnessie.itch.io/_https_/html-classic.itch.zone/html/11252461/index2a72.html]
[img.itch.zone/aW1nLzE3NDE5MDI1LnBuZw==/original/dnG88C.png]
[serpexnessie.itch.io/scale-the-depths/commentsf824.html]
[serpexnessie.itch.io/scale-the-depths/commentsa68c.html]
[serpexnessie.itch.io/scale-the-depths/comments.html]
[img.itch.zone/aW1nLzE2MjQ1Njk4LnBuZw==/25x25#/hxwwyU.png]
[img.itch.zone/aW1nLzU2OTEzMjkucG5n/25x25#/6owlhz.png]
[img.itch.zone/aW1nLzIwMjMxOTE5LnBuZw==/25x25#/IY5iVh.png]
[img.itch.zone/aW1nLzE5OTY0MDM2LnBuZw==/25x25#/7PKAnH.png]
[img.itch.zone/aW1nLzE0MjQzNDQ3LnBuZw==/25x25#/H7/K0H.png]
[img.itch.zone/aW1nLzEzMTMyNjQ2LmpwZw==/25x25#/Axigi0.jpg]
[img.itch.zone/aW1nLzIwNTU0MDY3LnBuZw==/25x25#/b7dtDU.png]
[img.itch.zone/aW1nLzIwODEyMTI0LnBuZw==/25x25#/gRd2iu.png]
[serpexnessie.itch.io/scale-the-depths/_/www.youtube.com/embed/wI9vmzwMs5U_.65.delayed]
[i.ytimg.com/vi/wI9vmzwMs5U/hqdefault.jpg]
[img.itch.zone/aW1nLzE0NjEzMDQ0LmpwZw==/25x25#/3Ql/A4.jpg]
[img.itch.zone/aW1nLzE3NDg3ODE0LnBuZw==/25x25#/DE3QfP.png]
[img.itch.zone/aW1nLzIwNTY3NjYxLmpwZw==/25x25#/05Tzii.jpg]
[img.itch.zone/aW1nLzExNDc2NDM4LnBuZw==/25x25#/PkxkrR.png]
[img.itch.zone/aW1hZ2UyL3VzZXIvMzIyMTcvMTQxMDU0Ni5wbmc=/25x25#/1AeEmC.png]
[img.itch.zone/aW1nLzE5ODI1Njc2LnBuZw==/25x25#/5QhJdM.png]
[img.itch.zone/aW1nLzIwNTExNjAyLnBuZw==/25x25#/ZaNBq8.png]
[img.itch.zone/aW1nLzE4NjEzNjI5LmpwZWc=/25x25#/uXPJyl.jpg]
[img.itch.zone/aW1nLzkwODgwNTcuanBn/25x25#/+oqoZO.jpg]
[img.itch.zone/aW1nLzE4MDI1NTY5LnBuZw==/25x25#/K4BFql.png]
[img.itch.zone/aW1nLzIwNDkwMTc0LnBuZw==/25x25#/zR+cug.png]
[img.itch.zone/aW1nLzEyMTk0MDgyLnBuZw==/25x25#/FR0QqL.png]
[img.itch.zone/aW1nLzE2OTUzMTEzLnBuZw==/25x25#/0/stlu.png]
[serpexnessie.itch.io/scale-the-depths/comments54cf.html]
[serpexnessie.itch.io/scale-the-depths/embed.json]
[serpexnessie.itch.io/scale-the-depths/commentsb306.html]
[img.itch.zone/aW1nLzE5MDM5Mzg5LnBuZw==/25x25#/X6961.png]
[img.itch.zone/aW1nLzE3MDI4MDMyLnBuZw==/25x25#/9lZNKc.png]
[img.itch.zone/aW1nLzE0NjQ3MjgwLnBuZw==/25x25#/MyWi+6.png]
[img.itch.zone/aW1nLzE5NTE4MDMwLnBuZw==/original/bkyo4s.png]
[img.itch.zone/aW1nLzE5MTY4NTk1LmpwZw==/25x25#/OHQaYN.jpg]
[img.itch.zone/aW1nLzE5MDc4NjMyLmpwZw==/25x25#/9K/Q9F.jpg]
[img.itch.zone/aW1nLzE3NDg1OTI0LmpwZw==/25x25#/N1JnkE.jpg]
[img.itch.zone/aW1nLzE1NjkzMzQzLnBuZw==/25x25#/eYrK7e.png]
[img.itch.zone/aW1nLzE4MDMwNTU4LnBuZw==/25x25#/0R+e2R.png]
[img.itch.zone/aW1nLzE3MzA5NTIzLnBuZw==/25x25#/zawc6r.png]
[img.itch.zone/aW1nLzE3Njk2ODY0LnBuZw==/original/KMka+B.png]
[img.itch.zone/aW1nLzE3NTMzOTM5LnBuZw==/25x25#/PLOr7/.png]
[img.itch.zone/aW1nLzcyOTkyOTAucG5n/25x25#/Xg/zc4.png]
[img.itch.zone/aW1nLzE3Njg0NDQyLnBuZw==/25x25#/URqvAp.png]
[img.itch.zone/aW1nLzE3NzY4MjUzLnBuZw==/25x25#/ObCz2G.png]
[img.itch.zone/aW1nLzE5NjY1MzQ2LnBuZw==/25x25#/d4ghJN.png]
[img.itch.zone/aW1nLzIwMjQzMTAyLnBuZw==/25x25#/pY01JL.png]
[img.itch.zone/aW1nLzk2ODI0NzAuanBn/25x25#/g8fP9g.jpg]
[img.itch.zone/aW1nLzE3NTYyNTExLnBuZw==/25x25#/kbYrNm.png]
[img.itch.zone/aW1nLzE3MjkyNzIzLnBuZw==/25x25#/HbmItP.png]
[img.itch.zone/aW1nLzE4Mzg2NzQ2LnBuZw==/25x25#/zuoXaW.png]
[img.itch.zone/aW1nLzE1MzQ0MzI3LnBuZw==/25x25#/asodcR.png]
[img.itch.zone/aW1nLzE5MDQ3MDQyLnBuZw==/25x25#/GP1JiM.png]
[img.itch.zone/aW1nLzE3NDc1NTY0LnBuZw==/original/Bsq2Zo.png]
[img.itch.zone/aW1nLzE3NTg2MTY1LnBuZw==/25x25#/5MIs/0.png]
[serpexnessie.itch.io/scale-the-depths/comments2054.html]
[serpexnessie.itch.io/_/www.youtube.com/embed/KjV152czBaY_.html]
[static.itch.io/images/play_icon.svg]
[static.itch.io/images/youtube_icon.svg]
[static.itch.io/images/twitch_logo.svg]
[static.itch.io/images/loading.svg]
[static.itch.io/home/leafo/snowrepeat.png]
[static.itch.io/images/snowrepeat.svg]
[static.itch.io/icons/fonts/icomoon053c.svg]
[serpexnessie.itch.io/static/worker.min.js]
[connect.facebook.net/en_GB/sdk.js]
[serpexnessie.itch.io/ca.html]
[serpexnessie.itch.io/POST.html]
[static.itch.io/user0818.css]
[static.itch.io/user.min0818.js]
[img.itch.zone/aW1nLzEyNzQ1MzUyLnBuZw==/original/3ZGlGJ.png]
[img.itch.zone/aW1nLzEyNzEzNzEyLnBuZw==/32x32#/orrUM3.png]
[img.itch.zone/aW1nLzY4MTYzMjEucG5n/25x25#/vWNPJ2.png]
[img.itch.zone/aW1nLzEyNzg4NjAzLmpwZw==/25x25#/ERvrau.jpg]
[img.itch.zone/aW1hZ2UvMjE1NzA3NS8xMjc0NDkxMS5wbmc=/original/euiDT4.png]
[img.itch.zone/aW1hZ2UvMjE1NzA3NS8xMjc0NDkxMS5wbmc=/347x500/FF1PQI.png]
[img.itch.zone/aW1hZ2UvMjE1NzA3NS8xMjc0NDY3OC5wbmc=/original/3ORfHV.png]
[img.itch.zone/aW1hZ2UvMjE1NzA3NS8xMjc0NDY3OC5wbmc=/347x500/yCZL81.png]
[img.itch.zone/aW1hZ2UvMjE1NzA3NS8xMjc0NDY3NS5wbmc=/original/F8CVFt.png]
[img.itch.zone/aW1hZ2UvMjE1NzA3NS8xMjc0NDY3NS5wbmc=/347x500/YP5lbk.png]
[img.itch.zone/aW1hZ2UvMjE1NzA3NS8xMjc0NDY3Ni5wbmc=/original/7yvAvA.png]
[img.itch.zone/aW1hZ2UvMjE1NzA3NS8xMjc0NDY3Ni5wbmc=/347x500/GA/2Uq.png]
[serpexnessie.itch.io/this-time-the-monsters-save-the-princess.html]
[serpexnessie.itch.io/scale-the-depths/comments213b.html]
[serpexnessie.itch.io/scale-the-depths/commentse82d.html]
[img.itch.zone/aW1nLzE2OTk4ODIucG5n/25x25#/rELXa4.png]
[img.itch.zone/aW1nLzEyODExMzM3LnBuZw==/25x25#/VKwoEW.png]
[img.itch.zone/aW1nLzIwNDYzNTE1LmdpZg==/original/yKtocI.gif]
[img.itch.zone/aW1nLzE4MTI1MjYyLnBuZw==/25x25#/oSnk3w.png]
[img.itch.zone/aW1nLzIwNDYzNTA1LnBuZw==/original/5sy5kP.png]
[img.itch.zone/aW1nLzEwNzM5ODg5LmpwZw==/25x25#/K25mGK.jpg]
[img.itch.zone/aW1nLzEwOTUwMTEwLmpwZw==/25x25#/0bkFT9.jpg]
[img.itch.zone/aW1nLzIwNjEwNzI3LnBuZw==/25x25#/Dz8Oko.png]
[img.itch.zone/aW1nLzE4Mjk1Mjc1LmpwZWc=/25x25#/UpbGaE.jpg]
[img.itch.zone/aW1nLzIwMjczNTk1LnBuZw==/25x25#/leg+dQ.png]
[img.itch.zone/aW1nLzQzNTAyODAucG5n/25x25#/z5vryP.png]
[img.itch.zone/aW1nLzE5NTY3NTE3LnBuZw==/25x25#/mmfr1m.png]
[img.itch.zone/aW1nLzIwMjU5MjE2LnBuZw==/25x25#/Ch2MaJ.png]
[img.itch.zone/aW1nLzIwMzc4NTMyLmpwZw==/25x25#/2W2GPP.jpg]
[img.itch.zone/aW1nLzIwMzc5NTQ0LmpwZw==/original/uk9eae.jpg]
[img.itch.zone/aW1nLzE1MTQ5MTU2LmpwZWc=/25x25#/gm9uNy.jpg]
[img.itch.zone/aW1nLzE0MzgzMDUxLnBuZw==/25x25#/ZA6YoZ.png]
[img.itch.zone/aW1nLzE5NTU3MzE1LmpwZw==/25x25#/E/ddqt.jpg]
[img.itch.zone/aW1nLzE5OTQzNDUyLnBuZw==/original/EdUcBI.png]
[img.itch.zone/aW1nLzE5OTA0MzUyLnBuZw==/25x25#/Q0JZVB.png]
[img.itch.zone/aW1nLzE5ODU0MzY3LnBuZw==/original/1xEh9S.png]
[img.itch.zone/aW1nLzE5NTg1MTMwLmdpZg==/25x25#/dU+tYt.gif]
[img.itch.zone/aW1nLzE5ODQ4OTk4LnBuZw==/original/8d2vYN.png]
[img.itch.zone/aW1nLzYxNTA0ODMucG5n/25x25#/WNlXSC.png]
[serpexnessie.itch.io/scale-the-depths/_/www.youtube.com/embed/Mw9moSdu-Y8_]
[i.ytimg.com/vi/Mw9moSdu-Y8/hqdefault.jpg]
[serpexnessie.itch.io/scale-the-depths/commentsf824.html]
[serpexnessie.itch.io/scale-the-depths/_/www.youtube.com/embed/KjV152czBaY_.b9.delayed]
[serpexnessie.itch.io/scale-the-depths/commentsa68c.html]
[serpexnessie.itch.io/scale-the-depths/comments.html]
[serpexnessie.itch.io/scale-the-depths/_/www.youtube.com/embed/wI9vmzwMs5U_.html]
[serpexnessie.itch.io/scale-the-depths/comments6bd4.html]
[serpexnessie.itch.io/scale-the-depths/comments13ce.html]
[img.itch.zone/aW1nLzIwOTU5OTQ3LnBuZw==/25x25#/Pt2aWW.png]
[img.itch.zone/aW1nLzE3MTQ3NzE2LnBuZw==/25x25#/nb7DXb.png]
[img.itch.zone/aW1nLzIwMjM3OTA2LnBuZw==/25x25#/lYzsjR.png]
[img.itch.zone/aW1nLzExODA4MTkxLmpwZw==/25x25#/1HTJTY.jpg]
[serpexnessie.itch.io/scale-the-depths/_/www.youtube.com/embed/6FaA9wfxbuI_]
[i.ytimg.com/vi/6FaA9wfxbuI/hqdefault.jpg]
[img.itch.zone/aW1nLzE5NjQ1MzM5LnBuZw==/25x25#/IaGfCE.png]
[img.itch.zone/aW1nLzExNDI4MjQwLmpwZw==/25x25#/31L4r5.jpg]
[img.itch.zone/aW1nLzE5NzU0Njg4LmpwZw==/original/PErkhj.jpg]
[img.itch.zone/aW1nLzE5NzU0NTI1LmpwZw==/original/g97XWW.jpg]
[img.itch.zone/aW1nLzE4NDg1OTA2LnBuZw==/25x25#/Mqy2Di.png]
[img.itch.zone/aW1nLzE5NzQ2ODM5LnBuZw==/original/N5nVUQ.png]
[img.itch.zone/aW1nLzE5NzQ2ODgwLnBuZw==/original/Mz8WtT.png]
[img.itch.zone/aW1nLzE5NzQ2ODExLnBuZw==/original/ynWxt7.png]
[img.itch.zone/aW1nLzE3MTE1MzM4LnBuZw==/25x25#/MbniX7.png]
[img.itch.zone/aW1nLzE5NzM3NTYwLnBuZw==/original/RdyJrB.png]
[img.itch.zone/aW1nLzEzMzg3NjI3LmpwZw==/25x25#/aORn0v.jpg]
[img.itch.zone/aW1nLzE1Mjk2ODI3LnBuZw==/25x25#/f1ZsKI.png]
[img.itch.zone/aW1nLzIwOTk2ODQzLmpwZw==/25x25#/fmcdwc.jpg]
[img.itch.zone/aW1nLzE5OTM1OTc0LnBuZw==/original/Yx+gqM.png]
[img.itch.zone/aW1nLzExNTA4NDc5LnBuZw==/25x25#/ZK61Z4.png]
[img.itch.zone/aW1nLzE4NDM2OTExLnBuZw==/25x25#/gEaEtO.png]
[img.itch.zone/aW1nLzE3ODQ0MzQ1LmpwZw==/25x25#/GOXH5T.jpg]
[img.itch.zone/aW1nLzIwMDY0NDM2LnBuZw==/25x25#/hkBpP+.png]
[img.itch.zone/aW1nLzE0MjYwODA5LnBuZw==/25x25#/LIcfZQ.png]
[img.itch.zone/aW1nLzE5NzA3NTEzLmpwZw==/original/dY7zmY.jpg]
[img.itch.zone/aW1nLzE5NzA2MjgwLnBuZw==/original/QmBvr.png]
[img.itch.zone/aW1nLzE5NDgxNjAwLmpwZw==/25x25#/ioPtGh.jpg]
[img.itch.zone/aW1nLzE2MTA5Njc5LmpwZw==/25x25#/JQW7dU.jpg]
[serpexnessie.itch.io/scale-the-depths/commentsb306.html]
[img.itch.zone/aW1nLzUxMzcxMTUucG5n/25x25#/S7V9m1.png]
[img.itch.zone/aW1nLzE0NjQ3MjgwLnBuZw==/25x25#/MyWi+6.html]
[img.itch.zone/aW1nLzE3Njk2ODY0LnBuZw==/original/KMka+B.html]
[static.itch.io/home/leafo/snowrepeat.html]
[serpexnessie.itch.io/scale-the-depths/comments642d.html]
[serpexnessie.itch.io/scale-the-depths/comments213b.html]
[serpexnessie.itch.io/scale-the-depths/commentse82d.html]
[img.itch.zone/aW1nLzIwMjczNTk1LnBuZw==/25x25#/leg+dQ.html]
[serpexnessie.itch.io/scale-the-depths/_/www.youtube.com/embed/Mw9moSdu-Y8_.html]
[serpexnessie.itch.io/scale-the-depths/_/www.youtube.com/embed/KjV152czBaY_.html]
[serpexnessie.itch.io/scale-the-depths/comments6bd4.html]
[serpexnessie.itch.io/scale-the-depths/comments7bba.html]
[serpexnessie.itch.io/scale-the-depths/comments3aa1.html]
[serpexnessie.itch.io/scale-the-depths/comments13ce.html]
[serpexnessie.itch.io/scale-the-depths/_/www.youtube.com/embed/6FaA9wfxbuI_.html]
[img.itch.zone/aW1nLzE5OTM1OTc0LnBuZw==/original/Yx+gqM.html]
[serpexnessie.itch.io/scale-the-depths/comments8e66.html]
[serpexnessie.itch.io/scale-the-depths/comments642d.html]
[serpexnessie.itch.io/scale-the-depths/comments7bba.html]
[serpexnessie.itch.io/scale-the-depths/comments3aa1.html]
[serpexnessie.itch.io/scale-the-depths/comments2da4.html]
[serpexnessie.itch.io/scale-the-depths/comments5106.html]
[serpexnessie.itch.io/scale-the-depths/comments8e66.html]
[serpexnessie.itch.io/scale-the-depths/comments2da4.html]
[serpexnessie.itch.io/scale-the-depths/comments5106.html]
[serpexnessie.itch.io/scale-the-depths/comments5585.html]
[serpexnessie.itch.io/scale-the-depths/comments5585.html]
[serpexnessie.itch.io/scale-the-depths/comments9820.html]
[serpexnessie.itch.io/scale-the-depths/comments9820.html]
